ERROR 2026-08-17 20:50:25,560 services 14224 14608 Payuee API error after 3 attempts: 401 Client Error: Unauthorized for url: https://escrow.payuee.com/v1/products
INFO 2026-08-17 20:55:23,910 services 14424 512 Payuee get_products called | filters={"category": "all", "min_price": 0, "max_price": 100000000, "page_number": 1, "sort_option": 5}
INFO 2026-08-17 20:55:23,910 services 14424 512 Payuee request started | method=POST | url=https://escrow.payuee.com/v1/products | retries=3
INFO 2026-08-17 20:55:23,910 services 14424 512 Payuee HTTP attempt 1/3 | method=POST | url=https://escrow.payuee.com/v1/products
INFO 2026-08-17 20:55:25,435 services 14424 512 Payuee HTTP response | attempt=1/3 | method=POST | url=https://escrow.payuee.com/v1/products | status=401 | elapsed=1.525s
ERROR 2026-08-17 20:55:25,435 services 14424 512 Payuee 401 Unauthorized | Authentication was rejected. | method=POST | url=https://escrow.payuee.com/v1/products | response={"error":{"code":"UNAUTHORIZED","message":"Authentication failed"}}
ERROR 2026-08-17 20:55:25,435 services 14424 512 Payuee authentication state | public_key_configured=True | secret_configured=True | base_url=https://escrow.payuee.com/v1
ERROR 2026-08-17 20:55:25,435 services 14424 512 Payuee HTTP error | attempt=1/3 | method=POST | url=https://escrow.payuee.com/v1/products | status=401 | error=401 Client Error: Unauthorized for url: https://escrow.payuee.com/v1/products
Traceback (most recent call last):
  File "C:\Users\Eze Christian\Documents\gadgethub\backend\payuee\services.py", line 431, in _request
    response.raise_for_status()
  File "C:\Users\Eze Christian\Documents\gadgethub\backend\venv\lib\site-packages\requests\models.py", line 1024, in raise_for_status
    raise HTTPError(http_error_msg, response=self)
requests.exceptions.HTTPError: 401 Client Error: Unauthorized for url: https://escrow.payuee.com/v1/products
INFO 2026-08-17 21:04:52,690 services 5912 15856 Payuee get_products called | filters={"category": "all", "min_price": 0, "max_price": 100000000, "page_number": 1, "sort_option": 5}
INFO 2026-08-17 21:04:52,690 services 5912 15856 Payuee request started | method=POST | url=https://escrow.payuee.com/v1/products | request_path=/v1/products | retries=3
INFO 2026-08-17 21:04:52,690 services 5912 15856 Payuee HTTP attempt 1/3 | method=POST | url=https://escrow.payuee.com/v1/products
INFO 2026-08-17 21:04:55,355 services 5912 15856 Payuee HTTP response | attempt=1/3 | method=POST | url=https://escrow.payuee.com/v1/products | status=200 | elapsed=2.666s
INFO 2026-08-17 21:04:55,355 services 5912 15856 Payuee request successful | status=200
INFO 2026-08-17 21:22:21,729 services 16800 13512 Payuee get_products called | filters={"category": "all", "min_price": 0, "max_price": 100000000, "page_number": 1, "sort_option": 5}
INFO 2026-08-17 21:22:21,729 services 16800 13512 Payuee request started | method=POST | url=https://escrow.payuee.com/v1/products | request_path=/v1/products | retries=3
INFO 2026-08-17 21:22:21,729 services 16800 13512 Payuee HTTP attempt 1/3 | method=POST | url=https://escrow.payuee.com/v1/products
INFO 2026-08-17 21:22:23,750 services 16800 13512 Payuee HTTP response | attempt=1/3 | method=POST | url=https://escrow.payuee.com/v1/products | status=200 | elapsed=2.018s
INFO 2026-08-17 21:22:23,750 services 16800 13512 Payuee request successful | status=200
INFO 2026-08-17 21:23:09,068 services 16800 15304 Payuee get_products called | filters={"category": "all", "min_price": 0, "max_price": 100000000, "page_number": 1, "sort_option": 5}
INFO 2026-08-17 21:23:09,068 services 16800 15304 Payuee request started | method=POST | url=https://escrow.payuee.com/v1/products | request_path=/v1/products | retries=3
INFO 2026-08-17 21:23:09,068 services 16800 15304 Payuee HTTP attempt 1/3 | method=POST | url=https://escrow.payuee.com/v1/products
INFO 2026-08-17 21:23:10,343 services 16800 15304 Payuee HTTP response | attempt=1/3 | method=POST | url=https://escrow.payuee.com/v1/products | status=200 | elapsed=1.274s
INFO 2026-08-17 21:23:10,343 services 16800 15304 Payuee request successful | status=200
INFO 2026-08-17 21:27:47,636 services 6016 14428 Payuee get_products called | filters={"category": "all", "min_price": 0, "max_price": 100000000, "page_number": 1, "sort_option": 5}
INFO 2026-08-17 21:27:47,636 services 6016 14428 Payuee request started | method=POST | url=https://escrow.payuee.com/v1/products | request_path=/v1/products | retries=3
INFO 2026-08-17 21:27:47,636 services 6016 14428 Payuee HTTP attempt 1/3 | method=POST | url=https://escrow.payuee.com/v1/products
INFO 2026-08-17 21:27:49,876 services 6016 14428 Payuee HTTP response | attempt=1/3 | method=POST | url=https://escrow.payuee.com/v1/products | status=200 | elapsed=2.237s
INFO 2026-08-17 21:27:49,878 services 6016 14428 Payuee request successful | status=200
INFO 2026-08-17 21:31:31,840 services 3416 16428 Payuee get_products called | filters={"category": "all", "min_price": 0, "max_price": 100000000, "page_number": 1, "sort_option": 5}
INFO 2026-08-17 21:31:31,842 services 3416 16428 Payuee request started | method=POST | url=https://escrow.payuee.com/v1/products | request_path=/v1/products | retries=3
INFO 2026-08-17 21:31:31,843 services 3416 16428 Payuee HTTP attempt 1/3 | method=POST | url=https://escrow.payuee.com/v1/products
INFO 2026-08-17 21:31:33,545 services 3416 16428 Payuee HTTP response | attempt=1/3 | method=POST | url=https://escrow.payuee.com/v1/products | status=200 | elapsed=1.703s
INFO 2026-08-17 21:31:33,551 services 3416 16428 Payuee request successful | status=200
INFO 2026-08-17 21:31:40,846 services 3416 16868 Payuee get_products called | filters={"category": "all", "min_price": 0, "max_price": 100000000, "page_number": 1, "sort_option": 5}
INFO 2026-08-17 21:31:40,846 services 3416 16868 Payuee request started | method=POST | url=https://escrow.payuee.com/v1/products | request_path=/v1/products | retries=3
INFO 2026-08-17 21:31:40,846 services 3416 16868 Payuee HTTP attempt 1/3 | method=POST | url=https://escrow.payuee.com/v1/products
INFO 2026-08-17 21:31:42,250 services 3416 16868 Payuee HTTP response | attempt=1/3 | method=POST | url=https://escrow.payuee.com/v1/products | status=200 | elapsed=1.407s
INFO 2026-08-17 21:31:42,250 services 3416 16868 Payuee request successful | status=200
INFO 2026-08-17 21:34:19,727 services 3416 16604 Payuee get_wallet_balance called
INFO 2026-08-17 21:34:19,727 services 3416 16604 Payuee request started | method=GET | url=https://escrow.payuee.com/v1/wallet/balance | request_path=/v1/wallet/balance | retries=3
INFO 2026-08-17 21:34:19,727 services 3416 16604 Payuee HTTP attempt 1/3 | method=GET | url=https://escrow.payuee.com/v1/wallet/balance
INFO 2026-08-17 21:34:21,552 services 3416 16604 Payuee HTTP response | attempt=1/3 | method=GET | url=https://escrow.payuee.com/v1/wallet/balance | status=200 | elapsed=1.820s
INFO 2026-08-17 21:34:21,552 services 3416 16604 Payuee request successful | status=200
INFO 2026-08-17 21:34:24,627 services 3416 16604 Payuee get_wallet_funding_details called
INFO 2026-08-17 21:34:24,627 services 3416 16604 Payuee request started | method=GET | url=https://escrow.payuee.com/v1/wallet/fund | request_path=/v1/wallet/fund | retries=3
INFO 2026-08-17 21:34:24,638 services 3416 16604 Payuee HTTP attempt 1/3 | method=GET | url=https://escrow.payuee.com/v1/wallet/fund
INFO 2026-08-17 21:34:26,063 services 3416 16604 Payuee HTTP response | attempt=1/3 | method=GET | url=https://escrow.payuee.com/v1/wallet/fund | status=200 | elapsed=1.425s
INFO 2026-08-17 21:34:26,063 services 3416 16604 Payuee request successful | status=200
INFO 2026-08-17 21:36:07,233 services 3416 16604 Payuee list_orders called | page=1 | limit=15
INFO 2026-08-17 21:36:07,233 services 3416 16604 Payuee request started | method=GET | url=https://escrow.payuee.com/v1/order/list | request_path=/v1/order/list | retries=3
INFO 2026-08-17 21:36:07,240 services 3416 16604 Payuee HTTP attempt 1/3 | method=GET | url=https://escrow.payuee.com/v1/order/list
INFO 2026-08-17 21:36:08,751 services 3416 16604 Payuee HTTP response | attempt=1/3 | method=GET | url=https://escrow.payuee.com/v1/order/list | status=400 | elapsed=1.520s
ERROR 2026-08-17 21:36:08,751 services 3416 16604 Payuee 400 Bad Request | url=https://escrow.payuee.com/v1/order/list | response={"error":"invalid order ID"}
ERROR 2026-08-17 21:36:08,751 services 3416 16604 Payuee HTTP error | status=400 | method=GET | url=https://escrow.payuee.com/v1/order/list | error=400 Client Error: Bad Request for url: https://escrow.payuee.com/v1/order/list?page=1&limit=15
Traceback (most recent call last):
  File "C:\Users\Eze Christian\Documents\gadgethub\backend\payuee\services.py", line 395, in _request
    response.raise_for_status()
  File "C:\Users\Eze Christian\Documents\gadgethub\backend\venv\lib\site-packages\requests\models.py", line 1024, in raise_for_status
    raise HTTPError(http_error_msg, response=self)
requests.exceptions.HTTPError: 400 Client Error: Bad Request for url: https://escrow.payuee.com/v1/order/list?page=1&limit=15
INFO 2026-08-17 21:38:31,240 services 3416 15732 Payuee get_products called | filters={"category": "all", "min_price": 0, "max_price": 100000000, "page_number": 1, "sort_option": 5}
INFO 2026-08-17 21:38:31,261 services 3416 15732 Payuee request started | method=POST | url=https://escrow.payuee.com/v1/products | request_path=/v1/products | retries=3
INFO 2026-08-17 21:38:31,268 services 3416 15732 Payuee HTTP attempt 1/3 | method=POST | url=https://escrow.payuee.com/v1/products
INFO 2026-08-17 21:38:33,162 services 3416 15732 Payuee HTTP response | attempt=1/3 | method=POST | url=https://escrow.payuee.com/v1/products | status=200 | elapsed=1.897s
INFO 2026-08-17 21:38:33,162 services 3416 15732 Payuee request successful | status=200
INFO 2026-08-17 21:38:40,873 services 3416 16916 Payuee get_products called | filters={"category": "all", "min_price": 0, "max_price": 100000000, "page_number": 1, "sort_option": 5}
INFO 2026-08-17 21:38:40,873 services 3416 16916 Payuee request started | method=POST | url=https://escrow.payuee.com/v1/products | request_path=/v1/products | retries=3
INFO 2026-08-17 21:38:40,874 services 3416 16916 Payuee HTTP attempt 1/3 | method=POST | url=https://escrow.payuee.com/v1/products
INFO 2026-08-17 21:38:42,065 services 3416 16916 Payuee HTTP response | attempt=1/3 | method=POST | url=https://escrow.payuee.com/v1/products | status=200 | elapsed=1.200s
INFO 2026-08-17 21:38:42,076 services 3416 16916 Payuee request successful | status=200
INFO 2026-08-17 21:38:52,830 services 3416 16604 Payuee get_products called | filters={"category": "all", "min_price": 0, "max_price": 100000000, "page_number": 1, "sort_option": 5}
INFO 2026-08-17 21:38:52,830 services 3416 16604 Payuee request started | method=POST | url=https://escrow.payuee.com/v1/products | request_path=/v1/products | retries=3
INFO 2026-08-17 21:38:52,830 services 3416 16604 Payuee HTTP attempt 1/3 | method=POST | url=https://escrow.payuee.com/v1/products
INFO 2026-08-17 21:38:53,843 services 3416 16604 Payuee HTTP response | attempt=1/3 | method=POST | url=https://escrow.payuee.com/v1/products | status=200 | elapsed=1.012s
INFO 2026-08-17 21:38:53,843 services 3416 16604 Payuee request successful | status=200
INFO 2026-08-17 21:39:00,915 services 3416 13980 Payuee get_products called | filters={"category": "all", "min_price": 0, "max_price": 100000000, "page_number": 1, "sort_option": 5}
INFO 2026-08-17 21:39:00,915 services 3416 13980 Payuee request started | method=POST | url=https://escrow.payuee.com/v1/products | request_path=/v1/products | retries=3
INFO 2026-08-17 21:39:00,915 services 3416 13980 Payuee HTTP attempt 1/3 | method=POST | url=https://escrow.payuee.com/v1/products
INFO 2026-08-17 21:39:01,825 services 3416 13980 Payuee HTTP response | attempt=1/3 | method=POST | url=https://escrow.payuee.com/v1/products | status=200 | elapsed=0.911s
INFO 2026-08-17 21:39:01,825 services 3416 13980 Payuee request successful | status=200
INFO 2026-08-17 21:58:30,751 services 3416 4764 Payuee get_products called | filters={"category": "all", "min_price": 0, "max_price": 100000000, "page_number": 1, "sort_option": 5}
INFO 2026-08-17 21:58:30,752 services 3416 4764 Payuee request started | method=POST | url=https://escrow.payuee.com/v1/products | request_path=/v1/products | retries=3
INFO 2026-08-17 21:58:30,752 services 3416 4764 Payuee HTTP attempt 1/3 | method=POST | url=https://escrow.payuee.com/v1/products
INFO 2026-08-17 21:58:33,019 services 3416 4764 Payuee HTTP response | attempt=1/3 | method=POST | url=https://escrow.payuee.com/v1/products | status=200 | elapsed=2.267s
INFO 2026-08-17 21:58:33,022 services 3416 4764 Payuee request successful | status=200
